C51 COMPILER V9.60.0.0   GSM                                                               01/26/2022 13:57:24 PAGE 1   


C51 COMPILER V9.60.0.0, COMPILATION OF MODULE GSM
OBJECT MODULE PLACED IN .\Objects\gsm.obj
COMPILER INVOKED BY: C:\Keil_v5\C51\BIN\C51.EXE gsm.c OPTIMIZE(8,SPEED) BROWSE DEBUG OBJECTEXTEND PRINT(.\Listings\gsm.l
                    -st) TABS(2) OBJECT(.\Objects\gsm.obj)

line level    source

   1          #include <reg51.h>
   2          #include "oled_i2c.h"
*** WARNING C318 IN LINE 2 OF gsm.c: can't open file 'oled_i2c.h'
   3          
   4          #define NUMBER 00112211445        //Here insert your number where you want to send message
   5          
   6          void ser_init();
   7          void tx(unsigned char send);
   8          void tx_str(unsigned char *s);
   9          unsigned char rx();
  10          
  11          void sms(unsigned char *num1,unsigned char *msg);
  12          void gsm_delay();
  13          
  14          unsigned int dell;
  15          
  16          int main()
  17          {
  18   1              ser_init();
  19   1              
  20   1              sms(NUMBER, "Welcome to the Techtoob");
*** WARNING C196 IN LINE 20 OF gsm.c: mspace probably invalid
  21   1              while(1);
  22   1      }
  23          
  24          
  25          void ser_init()
  26          {
  27   1        SCON=0x50;
  28   1        TMOD=0x21;
  29   1        TH1=0xFD;
  30   1        TL1=0xFD;
  31   1        TR1=1;
  32   1      }
  33          
  34          void tx(unsigned char send)
  35          {
  36   1        SBUF=send;
  37   1        while(TI==0);
  38   1        TI=0;
  39   1      }
  40          
  41          void tx_str(unsigned char *s)
  42          {
  43   1        while(*s)
  44   1          tx(*s++);
  45   1      }
  46          
  47          unsigned char rx()
  48          {
  49   1        while(RI==0);
  50   1        RI=0;
  51   1        return SBUF;
  52   1      }
C51 COMPILER V9.60.0.0   GSM                                                               01/26/2022 13:57:24 PAGE 2   

  53          
  54          void gsm_delay()
  55          {
  56   1        unsigned int gsm_del;
  57   1        for(gsm_del=0;gsm_del<=50000;gsm_del++);
  58   1      }
  59          
  60          void sms(unsigned char *num1,unsigned char *msg)
  61          {
  62   1        tx_str("AT");
  63   1        tx(0x0d);
  64   1        gsm_delay();
  65   1      
  66   1        tx_str("AT+CMGF=1");
  67   1        tx(0x0d);
  68   1        gsm_delay();
  69   1      
  70   1        tx_str("AT+CMGS=");
  71   1        tx('"');
  72   1        while(*num1)
  73   1          tx(*num1++);
  74   1        tx('"');
  75   1        tx(0x0d);
  76   1        gsm_delay();
  77   1      
  78   1        while(*msg)
  79   1          tx(*msg++);
  80   1        tx(0x1a);
  81   1        gsm_delay();
  82   1      }


MODULE INFORMATION:   STATIC OVERLAYABLE
   CODE SIZE        =    235    ----
   CONSTANT SIZE    =     46    ----
   XDATA SIZE       =   ----    ----
   PDATA SIZE       =   ----    ----
   DATA SIZE        =      2       9
   IDATA SIZE       =   ----    ----
   BIT SIZE         =   ----    ----
END OF MODULE INFORMATION.


C51 COMPILATION COMPLETE.  2 WARNING(S),  0 ERROR(S)
